2026-03-09 09:47:47,559 [INFO] core.docker: Starting to scale to 5
2026-03-09 09:47:47,577 [INFO] core.docker: Getting container list 7
2026-03-09 09:47:47,578 [INFO] core.docker: Successfully compute the requirement
2026-03-09 09:47:49,125 [INFO] core.docker: Success downscale on target [{'id': '9fe6f275d59d0b259bc73881b4ff82e0f31b557525c516b9d9c9b213d8f89d2c', 'name': 'wonderful_matsumoto', 'host_port': '3005'}, {'id': '784aad2e54a04bd9127c9670d52ae9b4d56ae2f7f9a7a2b68f37f2283e0f5e0d', 'name': 'stupefied_knuth', 'host_port': '3006'}]
2026-03-09 10:47:36,553 [INFO] core.docker: Starting to scale to 5
2026-03-09 10:47:36,568 [INFO] core.docker: Getting container list 5
2026-03-09 10:47:36,568 [INFO] core.docker: Successfully find free ports []
2026-03-09 10:47:36,570 [INFO] core.docker: Successfully compute the requirement
2026-03-09 10:47:36,570 [INFO] core.docker: Success Upscaling the following ports []
2026-03-09 14:24:28,448 [INFO] core.docker: Starting to scale to 7
2026-03-09 14:24:28,513 [INFO] core.docker: Getting container list 5
2026-03-09 14:24:28,516 [INFO] core.docker: Successfully find free ports [3005, 3006]
2026-03-09 14:24:28,516 [INFO] core.docker: Successfully compute the requirement
2026-03-09 14:24:29,896 [INFO] core.docker: Success Upscaling the following ports [3005, 3006]
2026-03-09 14:26:04,676 [INFO] core.docker: Starting to scale to 8
2026-03-09 14:26:04,698 [INFO] core.docker: Getting container list 7
2026-03-09 14:26:04,698 [INFO] core.docker: Successfully find free ports [3007]
2026-03-09 14:26:04,698 [INFO] core.docker: Successfully compute the requirement
2026-03-09 14:26:05,363 [INFO] core.docker: Success Upscaling the following ports [3007]
2026-03-09 14:27:40,898 [INFO] core.docker: Starting to scale to 6
2026-03-09 14:27:40,921 [INFO] core.docker: Getting container list 8
2026-03-09 14:27:40,921 [INFO] core.docker: Successfully compute the requirement
2026-03-09 14:27:43,104 [INFO] core.docker: Success downscale on target [{'id': '44c23a195dfe1b3a8174e3e1aa23ee251b960b24b4f13986ed29e4e950061d73', 'name': 'stoic_thompson', 'host_port': '3006'}, {'id': '3f4e6bbe6574134551bbe435450ca11650d3f3da0bcc94f9c86f20f440bc8032', 'name': 'happy_cartwright', 'host_port': '3007'}]
2026-03-09 14:29:18,108 [INFO] core.docker: Starting to scale to 7
2026-03-09 14:29:18,129 [INFO] core.docker: Getting container list 6
2026-03-09 14:29:18,129 [INFO] core.docker: Successfully find free ports [3006]
2026-03-09 14:29:18,129 [INFO] core.docker: Successfully compute the requirement
2026-03-09 14:29:18,722 [INFO] core.docker: Success Upscaling the following ports [3006]
2026-03-09 14:30:55,111 [INFO] core.docker: Starting to scale to 3
2026-03-09 14:30:55,129 [INFO] core.docker: Getting container list 7
2026-03-09 14:30:55,129 [INFO] core.docker: Successfully compute the requirement
2026-03-09 14:30:59,166 [INFO] core.docker: Success downscale on target [{'id': '57edcf2a90f698de476e53a57ffebd9387fb99830fbe9c5a3bdf8b077e3ca52f', 'name': 'test-web-1', 'host_port': '3003'}, {'id': 'ee4a1eed48f7d8383320031e1502497b8f5b90b5373719322393fc0c1cb762fd', 'name': 'test-web-5', 'host_port': '3004'}, {'id': '2b861f52500ad615637271baa0f9feb4006121fdc1bbedfb2a6d056974ea7c82', 'name': 'distracted_bardeen', 'host_port': '3005'}, {'id': '168cdc3a3a62c6ba47cdca6b1000cb921e6b0fc57b06f0fd719bea1f761c12ab', 'name': 'cool_pare', 'host_port': '3006'}]
2026-03-09 14:32:34,459 [INFO] core.docker: Starting to scale to 5
2026-03-09 14:32:34,470 [INFO] core.docker: Getting container list 3
2026-03-09 14:32:34,470 [INFO] core.docker: Successfully find free ports [3003, 3004]
2026-03-09 14:32:34,470 [INFO] core.docker: Successfully compute the requirement
2026-03-09 14:32:35,260 [INFO] core.docker: Success Upscaling the following ports [3003, 3004]
